Simulator report for scomp
Thu Oct 10 01:42:46 2013
Quartus II Version 9.1 Build 350 03/24/2010 Service Pack 2 SJ Web Edition


---------------------
; Table of Contents ;
---------------------
  1. Legal Notice
  2. Simulator Summary
  3. Simulator Settings
  4. Simulation Waveforms
  5. |SCOMP|altsyncram:MEMORY|altsyncram_o6t3:auto_generated|ALTSYNCRAM
  6. Coverage Summary
  7. Complete 1/0-Value Coverage
  8. Missing 1-Value Coverage
  9. Missing 0-Value Coverage
 10. Simulator INI Usage
 11. Simulator Messages



----------------
; Legal Notice ;
----------------
Copyright (C) 1991-2010 Altera Corporation
Your use of Altera Corporation's design tools, logic functions 
and other software and tools, and its AMPP partner logic 
functions, and any output files from any of the foregoing 
(including device programming or simulation files), and any 
associated documentation or information are expressly subject 
to the terms and conditions of the Altera Program License 
Subscription Agreement, Altera MegaCore Function License 
Agreement, or other applicable license agreement, including, 
without limitation, that your use is for the sole purpose of 
programming logic devices manufactured by Altera and sold by 
Altera or its authorized distributors.  Please refer to the 
applicable agreement for further details.



+--------------------------------------------+
; Simulator Summary                          ;
+-----------------------------+--------------+
; Type                        ; Value        ;
+-----------------------------+--------------+
; Simulation Start Time       ; 0 ps         ;
; Simulation End Time         ; 15.0 us      ;
; Simulation Netlist Size     ; 254 nodes    ;
; Simulation Coverage         ;      32.85 % ;
; Total Number of Transitions ; 470          ;
; Simulation Breakpoints      ; 0            ;
; Family                      ; Cyclone II   ;
; Device                      ; EP2C35F672C6 ;
+-----------------------------+--------------+


+-------------------------------------------------------------------------------------------------------------------------+
; Simulator Settings                                                                                                      ;
+--------------------------------------------------------------------------------------------+------------+---------------+
; Option                                                                                     ; Setting    ; Default Value ;
+--------------------------------------------------------------------------------------------+------------+---------------+
; Simulation mode                                                                            ; Timing     ; Timing        ;
; Start time                                                                                 ; 0 ns       ; 0 ns          ;
; End time                                                                                   ; 100 us     ;               ;
; Simulation results format                                                                  ; CVWF       ;               ;
; Add pins automatically to simulation output waveforms                                      ; Off        ; On            ;
; Check outputs                                                                              ; Off        ; Off           ;
; Report simulation coverage                                                                 ; On         ; On            ;
; Display complete 1/0 value coverage report                                                 ; On         ; On            ;
; Display missing 1-value coverage report                                                    ; On         ; On            ;
; Display missing 0-value coverage report                                                    ; On         ; On            ;
; Detect setup and hold time violations                                                      ; Off        ; Off           ;
; Detect glitches                                                                            ; Off        ; Off           ;
; Disable timing delays in Timing Simulation                                                 ; Off        ; Off           ;
; Generate Signal Activity File                                                              ; Off        ; Off           ;
; Generate VCD File for PowerPlay Power Analyzer                                             ; Off        ; Off           ;
; Group bus channels in simulation results                                                   ; Off        ; Off           ;
; Preserve fewer signal transitions to reduce memory requirements                            ; On         ; On            ;
; Trigger vector comparison with the specified mode                                          ; INPUT_EDGE ; INPUT_EDGE    ;
; Disable setup and hold time violations detection in input registers of bi-directional pins ; Off        ; Off           ;
; Overwrite Waveform Inputs With Simulation Outputs                                          ; On         ;               ;
; Perform Glitch Filtering in Timing Simulation                                              ; Auto       ; Auto          ;
+--------------------------------------------------------------------------------------------+------------+---------------+


+----------------------+
; Simulation Waveforms ;
+----------------------+
Waveform report data cannot be output to ASCII.
Please use Quartus II to view the waveform report data.


+--------------------------------------------------------------------+
; |SCOMP|altsyncram:MEMORY|altsyncram_o6t3:auto_generated|ALTSYNCRAM ;
+--------------------------------------------------------------------+
Please refer to fitter text-based report (*.fit.rpt) to view logical memory report content in ASCII.


+--------------------------------------------------------------------+
; Coverage Summary                                                   ;
+-----------------------------------------------------+--------------+
; Type                                                ; Value        ;
+-----------------------------------------------------+--------------+
; Total coverage as a percentage                      ;      32.85 % ;
; Total nodes checked                                 ; 254          ;
; Total output ports checked                          ; 274          ;
; Total output ports with complete 1/0-value coverage ; 90           ;
; Total output ports with no 1/0-value coverage       ; 167          ;
; Total output ports with no 1-value coverage         ; 167          ;
; Total output ports with no 0-value coverage         ; 184          ;
+-----------------------------------------------------+--------------+


The following table displays output ports that toggle between 1 and 0 during simulation.
+-----------------------------------------------------------------------------------------------------------------------------------------------------------+
; Complete 1/0-Value Coverage                                                                                                                               ;
+----------------------------------------------------------------------+-----------------------------------------------------------------+------------------+
; Node Name                                                            ; Output Port Name                                                ; Output Port Type ;
+----------------------------------------------------------------------+-----------------------------------------------------------------+------------------+
; |SCOMP|altsyncram:MEMORY|altsyncram_o6t3:auto_generated|ram_block1a0 ; |SCOMP|altsyncram:MEMORY|altsyncram_o6t3:auto_generated|q_a[0]  ; portadataout0    ;
; |SCOMP|altsyncram:MEMORY|altsyncram_o6t3:auto_generated|ram_block1a0 ; |SCOMP|altsyncram:MEMORY|altsyncram_o6t3:auto_generated|q_a[1]  ; portadataout1    ;
; |SCOMP|altsyncram:MEMORY|altsyncram_o6t3:auto_generated|ram_block1a0 ; |SCOMP|altsyncram:MEMORY|altsyncram_o6t3:auto_generated|q_a[2]  ; portadataout2    ;
; |SCOMP|altsyncram:MEMORY|altsyncram_o6t3:auto_generated|ram_block1a4 ; |SCOMP|altsyncram:MEMORY|altsyncram_o6t3:auto_generated|q_a[4]  ; portadataout0    ;
; |SCOMP|altsyncram:MEMORY|altsyncram_o6t3:auto_generated|ram_block1a8 ; |SCOMP|altsyncram:MEMORY|altsyncram_o6t3:auto_generated|q_a[10] ; portadataout2    ;
; |SCOMP|altsyncram:MEMORY|altsyncram_o6t3:auto_generated|ram_block1a8 ; |SCOMP|altsyncram:MEMORY|altsyncram_o6t3:auto_generated|q_a[11] ; portadataout3    ;
; |SCOMP|Add0~0                                                        ; |SCOMP|Add0~0                                                   ; combout          ;
; |SCOMP|Add0~0                                                        ; |SCOMP|Add0~1                                                   ; cout             ;
; |SCOMP|Add0~2                                                        ; |SCOMP|Add0~2                                                   ; combout          ;
; |SCOMP|Add0~2                                                        ; |SCOMP|Add0~3                                                   ; cout             ;
; |SCOMP|Add0~4                                                        ; |SCOMP|Add0~4                                                   ; combout          ;
; |SCOMP|Add1~1                                                        ; |SCOMP|Add1~1                                                   ; combout          ;
; |SCOMP|Add1~1                                                        ; |SCOMP|Add1~2                                                   ; cout             ;
; |SCOMP|Add1~4                                                        ; |SCOMP|Add1~4                                                   ; combout          ;
; |SCOMP|Add1~4                                                        ; |SCOMP|Add1~5                                                   ; cout             ;
; |SCOMP|Add1~6                                                        ; |SCOMP|Add1~6                                                   ; combout          ;
; |SCOMP|Add1~6                                                        ; |SCOMP|Add1~7                                                   ; cout             ;
; |SCOMP|Add1~8                                                        ; |SCOMP|Add1~8                                                   ; combout          ;
; |SCOMP|Add1~8                                                        ; |SCOMP|Add1~9                                                   ; cout             ;
; |SCOMP|Add1~10                                                       ; |SCOMP|Add1~10                                                  ; combout          ;
; |SCOMP|Add1~22                                                       ; |SCOMP|Add1~22                                                  ; combout          ;
; |SCOMP|Add1~24                                                       ; |SCOMP|Add1~24                                                  ; combout          ;
; |SCOMP|PC[0]                                                         ; |SCOMP|PC[0]                                                    ; regout           ;
; |SCOMP|PC[1]                                                         ; |SCOMP|PC[1]                                                    ; regout           ;
; |SCOMP|AC[0]                                                         ; |SCOMP|AC[0]                                                    ; regout           ;
; |SCOMP|AC[1]                                                         ; |SCOMP|AC[1]                                                    ; regout           ;
; |SCOMP|IR[0]                                                         ; |SCOMP|IR[0]                                                    ; regout           ;
; |SCOMP|STATE.FETCH                                                   ; |SCOMP|STATE.FETCH                                              ; regout           ;
; |SCOMP|MEM_ADDR[0]~0                                                 ; |SCOMP|MEM_ADDR[0]~0                                            ; combout          ;
; |SCOMP|IR[1]                                                         ; |SCOMP|IR[1]                                                    ; regout           ;
; |SCOMP|MEM_ADDR[1]~1                                                 ; |SCOMP|MEM_ADDR[1]~1                                            ; combout          ;
; |SCOMP|MEM_ADDR[4]~4                                                 ; |SCOMP|MEM_ADDR[4]~4                                            ; combout          ;
; |SCOMP|Selector10~0                                                  ; |SCOMP|Selector10~0                                             ; combout          ;
; |SCOMP|PC[0]~0                                                       ; |SCOMP|PC[0]~0                                                  ; combout          ;
; |SCOMP|Selector9~0                                                   ; |SCOMP|Selector9~0                                              ; combout          ;
; |SCOMP|Selector8~0                                                   ; |SCOMP|Selector8~0                                              ; combout          ;
; |SCOMP|STATE.EX_LOAD                                                 ; |SCOMP|STATE.EX_LOAD                                            ; regout           ;
; |SCOMP|STATE.EX_ADD                                                  ; |SCOMP|STATE.EX_ADD                                             ; regout           ;
; |SCOMP|Add1~0                                                        ; |SCOMP|Add1~0                                                   ; combout          ;
; |SCOMP|Add1~3                                                        ; |SCOMP|Add1~3                                                   ; combout          ;
; |SCOMP|Selector26~1                                                  ; |SCOMP|Selector26~1                                             ; combout          ;
; |SCOMP|AC[0]~0                                                       ; |SCOMP|AC[0]~0                                                  ; combout          ;
; |SCOMP|AC[0]~1                                                       ; |SCOMP|AC[0]~1                                                  ; combout          ;
; |SCOMP|Selector25~1                                                  ; |SCOMP|Selector25~1                                             ; combout          ;
; |SCOMP|Selector24~0                                                  ; |SCOMP|Selector24~0                                             ; combout          ;
; |SCOMP|Selector24~1                                                  ; |SCOMP|Selector24~1                                             ; combout          ;
; |SCOMP|Selector23~1                                                  ; |SCOMP|Selector23~1                                             ; combout          ;
; |SCOMP|Selector22~0                                                  ; |SCOMP|Selector22~0                                             ; combout          ;
; |SCOMP|Selector21~0                                                  ; |SCOMP|Selector21~0                                             ; combout          ;
; |SCOMP|Selector20~0                                                  ; |SCOMP|Selector20~0                                             ; combout          ;
; |SCOMP|Selector19~0                                                  ; |SCOMP|Selector19~0                                             ; combout          ;
; |SCOMP|Selector18~0                                                  ; |SCOMP|Selector18~0                                             ; combout          ;
; |SCOMP|Selector17~0                                                  ; |SCOMP|Selector17~0                                             ; combout          ;
; |SCOMP|Selector16~0                                                  ; |SCOMP|Selector16~0                                             ; combout          ;
; |SCOMP|Selector15~0                                                  ; |SCOMP|Selector15~0                                             ; combout          ;
; |SCOMP|Selector14~0                                                  ; |SCOMP|Selector14~0                                             ; combout          ;
; |SCOMP|Selector13~0                                                  ; |SCOMP|Selector13~0                                             ; combout          ;
; |SCOMP|Selector12~0                                                  ; |SCOMP|Selector12~0                                             ; combout          ;
; |SCOMP|Selector11~0                                                  ; |SCOMP|Selector11~0                                             ; combout          ;
; |SCOMP|MW                                                            ; |SCOMP|MW                                                       ; regout           ;
; |SCOMP|IR[0]~0                                                       ; |SCOMP|IR[0]~0                                                  ; combout          ;
; |SCOMP|STATE.DECODE                                                  ; |SCOMP|STATE.DECODE                                             ; regout           ;
; |SCOMP|IR[10]                                                        ; |SCOMP|IR[10]                                                   ; regout           ;
; |SCOMP|Selector27~0                                                  ; |SCOMP|Selector27~0                                             ; combout          ;
; |SCOMP|STATE.EX_STORE                                                ; |SCOMP|STATE.EX_STORE                                           ; regout           ;
; |SCOMP|Selector27~1                                                  ; |SCOMP|Selector27~1                                             ; combout          ;
; |SCOMP|STATE~13                                                      ; |SCOMP|STATE~13                                                 ; combout          ;
; |SCOMP|STATE~15                                                      ; |SCOMP|STATE~15                                                 ; combout          ;
; |SCOMP|STATE~16                                                      ; |SCOMP|STATE~16                                                 ; combout          ;
; |SCOMP|STATE.EX_STORE2                                               ; |SCOMP|STATE.EX_STORE2                                          ; regout           ;
; |SCOMP|MW~1                                                          ; |SCOMP|MW~1                                                     ; combout          ;
; |SCOMP|STATE~19                                                      ; |SCOMP|STATE~19                                                 ; combout          ;
; |SCOMP|PC_OUT[0]                                                     ; |SCOMP|PC_OUT[0]                                                ; padio            ;
; |SCOMP|PC_OUT[1]                                                     ; |SCOMP|PC_OUT[1]                                                ; padio            ;
; |SCOMP|AC_OUT[0]                                                     ; |SCOMP|AC_OUT[0]                                                ; padio            ;
; |SCOMP|AC_OUT[1]                                                     ; |SCOMP|AC_OUT[1]                                                ; padio            ;
; |SCOMP|MDR_OUT[0]                                                    ; |SCOMP|MDR_OUT[0]                                               ; padio            ;
; |SCOMP|MDR_OUT[1]                                                    ; |SCOMP|MDR_OUT[1]                                               ; padio            ;
; |SCOMP|MDR_OUT[2]                                                    ; |SCOMP|MDR_OUT[2]                                               ; padio            ;
; |SCOMP|MDR_OUT[4]                                                    ; |SCOMP|MDR_OUT[4]                                               ; padio            ;
; |SCOMP|MDR_OUT[10]                                                   ; |SCOMP|MDR_OUT[10]                                              ; padio            ;
; |SCOMP|MDR_OUT[11]                                                   ; |SCOMP|MDR_OUT[11]                                              ; padio            ;
; |SCOMP|MAR_OUT[0]                                                    ; |SCOMP|MAR_OUT[0]                                               ; padio            ;
; |SCOMP|MAR_OUT[1]                                                    ; |SCOMP|MAR_OUT[1]                                               ; padio            ;
; |SCOMP|MAR_OUT[4]                                                    ; |SCOMP|MAR_OUT[4]                                               ; padio            ;
; |SCOMP|IO_ADDR[0]                                                    ; |SCOMP|IO_ADDR[0]                                               ; padio            ;
; |SCOMP|IO_ADDR[1]                                                    ; |SCOMP|IO_ADDR[1]                                               ; padio            ;
; |SCOMP|CLOCK                                                         ; |SCOMP|CLOCK~corein                                             ; combout          ;
; |SCOMP|CLOCK~clkctrl                                                 ; |SCOMP|CLOCK~clkctrl                                            ; outclk           ;
; |SCOMP|IR[11]~feeder                                                 ; |SCOMP|IR[11]~feeder                                            ; combout          ;
+----------------------------------------------------------------------+-----------------------------------------------------------------+------------------+


The following table displays output ports that do not toggle to 1 during simulation.
+------------------------------------------------------------------------------------------------------------------------------------------------------------+
; Missing 1-Value Coverage                                                                                                                                   ;
+-----------------------------------------------------------------------+-----------------------------------------------------------------+------------------+
; Node Name                                                             ; Output Port Name                                                ; Output Port Type ;
+-----------------------------------------------------------------------+-----------------------------------------------------------------+------------------+
; |SCOMP|altsyncram:MEMORY|altsyncram_o6t3:auto_generated|ram_block1a4  ; |SCOMP|altsyncram:MEMORY|altsyncram_o6t3:auto_generated|q_a[5]  ; portadataout1    ;
; |SCOMP|altsyncram:MEMORY|altsyncram_o6t3:auto_generated|ram_block1a4  ; |SCOMP|altsyncram:MEMORY|altsyncram_o6t3:auto_generated|q_a[6]  ; portadataout2    ;
; |SCOMP|altsyncram:MEMORY|altsyncram_o6t3:auto_generated|ram_block1a4  ; |SCOMP|altsyncram:MEMORY|altsyncram_o6t3:auto_generated|q_a[7]  ; portadataout3    ;
; |SCOMP|altsyncram:MEMORY|altsyncram_o6t3:auto_generated|ram_block1a8  ; |SCOMP|altsyncram:MEMORY|altsyncram_o6t3:auto_generated|q_a[8]  ; portadataout0    ;
; |SCOMP|altsyncram:MEMORY|altsyncram_o6t3:auto_generated|ram_block1a8  ; |SCOMP|altsyncram:MEMORY|altsyncram_o6t3:auto_generated|q_a[9]  ; portadataout1    ;
; |SCOMP|altsyncram:MEMORY|altsyncram_o6t3:auto_generated|ram_block1a12 ; |SCOMP|altsyncram:MEMORY|altsyncram_o6t3:auto_generated|q_a[12] ; portadataout0    ;
; |SCOMP|altsyncram:MEMORY|altsyncram_o6t3:auto_generated|ram_block1a12 ; |SCOMP|altsyncram:MEMORY|altsyncram_o6t3:auto_generated|q_a[13] ; portadataout1    ;
; |SCOMP|altsyncram:MEMORY|altsyncram_o6t3:auto_generated|ram_block1a12 ; |SCOMP|altsyncram:MEMORY|altsyncram_o6t3:auto_generated|q_a[14] ; portadataout2    ;
; |SCOMP|altsyncram:MEMORY|altsyncram_o6t3:auto_generated|ram_block1a12 ; |SCOMP|altsyncram:MEMORY|altsyncram_o6t3:auto_generated|q_a[15] ; portadataout3    ;
; |SCOMP|Add0~4                                                         ; |SCOMP|Add0~5                                                   ; cout             ;
; |SCOMP|Add0~6                                                         ; |SCOMP|Add0~6                                                   ; combout          ;
; |SCOMP|Add0~6                                                         ; |SCOMP|Add0~7                                                   ; cout             ;
; |SCOMP|Add0~8                                                         ; |SCOMP|Add0~8                                                   ; combout          ;
; |SCOMP|Add0~8                                                         ; |SCOMP|Add0~9                                                   ; cout             ;
; |SCOMP|Add0~10                                                        ; |SCOMP|Add0~10                                                  ; combout          ;
; |SCOMP|Add0~10                                                        ; |SCOMP|Add0~11                                                  ; cout             ;
; |SCOMP|Add0~12                                                        ; |SCOMP|Add0~12                                                  ; combout          ;
; |SCOMP|Add0~12                                                        ; |SCOMP|Add0~13                                                  ; cout             ;
; |SCOMP|Add0~14                                                        ; |SCOMP|Add0~14                                                  ; combout          ;
; |SCOMP|Add0~14                                                        ; |SCOMP|Add0~15                                                  ; cout             ;
; |SCOMP|Add0~16                                                        ; |SCOMP|Add0~16                                                  ; combout          ;
; |SCOMP|Add0~16                                                        ; |SCOMP|Add0~17                                                  ; cout             ;
; |SCOMP|Add0~18                                                        ; |SCOMP|Add0~18                                                  ; combout          ;
; |SCOMP|Add1~10                                                        ; |SCOMP|Add1~11                                                  ; cout             ;
; |SCOMP|Add1~12                                                        ; |SCOMP|Add1~12                                                  ; combout          ;
; |SCOMP|Add1~12                                                        ; |SCOMP|Add1~13                                                  ; cout             ;
; |SCOMP|Add1~14                                                        ; |SCOMP|Add1~14                                                  ; combout          ;
; |SCOMP|Add1~14                                                        ; |SCOMP|Add1~15                                                  ; cout             ;
; |SCOMP|Add1~16                                                        ; |SCOMP|Add1~16                                                  ; combout          ;
; |SCOMP|Add1~16                                                        ; |SCOMP|Add1~17                                                  ; cout             ;
; |SCOMP|Add1~18                                                        ; |SCOMP|Add1~18                                                  ; combout          ;
; |SCOMP|Add1~18                                                        ; |SCOMP|Add1~19                                                  ; cout             ;
; |SCOMP|Add1~20                                                        ; |SCOMP|Add1~20                                                  ; combout          ;
; |SCOMP|Add1~20                                                        ; |SCOMP|Add1~21                                                  ; cout             ;
; |SCOMP|Add1~22                                                        ; |SCOMP|Add1~23                                                  ; cout             ;
; |SCOMP|Add1~24                                                        ; |SCOMP|Add1~25                                                  ; cout             ;
; |SCOMP|Add1~26                                                        ; |SCOMP|Add1~26                                                  ; combout          ;
; |SCOMP|Add1~26                                                        ; |SCOMP|Add1~27                                                  ; cout             ;
; |SCOMP|Add1~28                                                        ; |SCOMP|Add1~28                                                  ; combout          ;
; |SCOMP|Add1~28                                                        ; |SCOMP|Add1~29                                                  ; cout             ;
; |SCOMP|Add1~30                                                        ; |SCOMP|Add1~30                                                  ; combout          ;
; |SCOMP|Add1~30                                                        ; |SCOMP|Add1~31                                                  ; cout             ;
; |SCOMP|Add1~32                                                        ; |SCOMP|Add1~32                                                  ; combout          ;
; |SCOMP|PC[3]                                                          ; |SCOMP|PC[3]                                                    ; regout           ;
; |SCOMP|PC[4]                                                          ; |SCOMP|PC[4]                                                    ; regout           ;
; |SCOMP|PC[5]                                                          ; |SCOMP|PC[5]                                                    ; regout           ;
; |SCOMP|PC[6]                                                          ; |SCOMP|PC[6]                                                    ; regout           ;
; |SCOMP|PC[7]                                                          ; |SCOMP|PC[7]                                                    ; regout           ;
; |SCOMP|PC[8]                                                          ; |SCOMP|PC[8]                                                    ; regout           ;
; |SCOMP|PC[9]                                                          ; |SCOMP|PC[9]                                                    ; regout           ;
; |SCOMP|AC[4]                                                          ; |SCOMP|AC[4]                                                    ; regout           ;
; |SCOMP|AC[5]                                                          ; |SCOMP|AC[5]                                                    ; regout           ;
; |SCOMP|AC[6]                                                          ; |SCOMP|AC[6]                                                    ; regout           ;
; |SCOMP|AC[7]                                                          ; |SCOMP|AC[7]                                                    ; regout           ;
; |SCOMP|AC[8]                                                          ; |SCOMP|AC[8]                                                    ; regout           ;
; |SCOMP|AC[9]                                                          ; |SCOMP|AC[9]                                                    ; regout           ;
; |SCOMP|AC[10]                                                         ; |SCOMP|AC[10]                                                   ; regout           ;
; |SCOMP|AC[11]                                                         ; |SCOMP|AC[11]                                                   ; regout           ;
; |SCOMP|AC[12]                                                         ; |SCOMP|AC[12]                                                   ; regout           ;
; |SCOMP|AC[13]                                                         ; |SCOMP|AC[13]                                                   ; regout           ;
; |SCOMP|AC[14]                                                         ; |SCOMP|AC[14]                                                   ; regout           ;
; |SCOMP|AC[15]                                                         ; |SCOMP|AC[15]                                                   ; regout           ;
; |SCOMP|IR[2]                                                          ; |SCOMP|IR[2]                                                    ; regout           ;
; |SCOMP|IR[3]                                                          ; |SCOMP|IR[3]                                                    ; regout           ;
; |SCOMP|MEM_ADDR[3]~3                                                  ; |SCOMP|MEM_ADDR[3]~3                                            ; combout          ;
; |SCOMP|IR[5]                                                          ; |SCOMP|IR[5]                                                    ; regout           ;
; |SCOMP|MEM_ADDR[5]~5                                                  ; |SCOMP|MEM_ADDR[5]~5                                            ; combout          ;
; |SCOMP|IR[6]                                                          ; |SCOMP|IR[6]                                                    ; regout           ;
; |SCOMP|MEM_ADDR[6]~6                                                  ; |SCOMP|MEM_ADDR[6]~6                                            ; combout          ;
; |SCOMP|IR[7]                                                          ; |SCOMP|IR[7]                                                    ; regout           ;
; |SCOMP|MEM_ADDR[7]~7                                                  ; |SCOMP|MEM_ADDR[7]~7                                            ; combout          ;
; |SCOMP|IR[8]                                                          ; |SCOMP|IR[8]                                                    ; regout           ;
; |SCOMP|MEM_ADDR[8]~8                                                  ; |SCOMP|MEM_ADDR[8]~8                                            ; combout          ;
; |SCOMP|IR[9]                                                          ; |SCOMP|IR[9]                                                    ; regout           ;
; |SCOMP|MEM_ADDR[9]~9                                                  ; |SCOMP|MEM_ADDR[9]~9                                            ; combout          ;
; |SCOMP|STATE.EX_JUMP                                                  ; |SCOMP|STATE.EX_JUMP                                            ; regout           ;
; |SCOMP|Selector7~0                                                    ; |SCOMP|Selector7~0                                              ; combout          ;
; |SCOMP|Selector6~0                                                    ; |SCOMP|Selector6~0                                              ; combout          ;
; |SCOMP|Selector5~0                                                    ; |SCOMP|Selector5~0                                              ; combout          ;
; |SCOMP|Selector4~0                                                    ; |SCOMP|Selector4~0                                              ; combout          ;
; |SCOMP|Selector3~0                                                    ; |SCOMP|Selector3~0                                              ; combout          ;
; |SCOMP|Selector2~0                                                    ; |SCOMP|Selector2~0                                              ; combout          ;
; |SCOMP|Selector1~0                                                    ; |SCOMP|Selector1~0                                              ; combout          ;
; |SCOMP|STATE.EX_AND                                                   ; |SCOMP|STATE.EX_AND                                             ; regout           ;
; |SCOMP|Selector26~0                                                   ; |SCOMP|Selector26~0                                             ; combout          ;
; |SCOMP|Selector25~0                                                   ; |SCOMP|Selector25~0                                             ; combout          ;
; |SCOMP|Selector23~0                                                   ; |SCOMP|Selector23~0                                             ; combout          ;
; |SCOMP|Selector22~1                                                   ; |SCOMP|Selector22~1                                             ; combout          ;
; |SCOMP|Selector21~1                                                   ; |SCOMP|Selector21~1                                             ; combout          ;
; |SCOMP|Selector20~1                                                   ; |SCOMP|Selector20~1                                             ; combout          ;
; |SCOMP|Selector19~1                                                   ; |SCOMP|Selector19~1                                             ; combout          ;
; |SCOMP|Selector18~1                                                   ; |SCOMP|Selector18~1                                             ; combout          ;
; |SCOMP|Selector17~1                                                   ; |SCOMP|Selector17~1                                             ; combout          ;
; |SCOMP|Selector16~1                                                   ; |SCOMP|Selector16~1                                             ; combout          ;
; |SCOMP|Selector15~1                                                   ; |SCOMP|Selector15~1                                             ; combout          ;
; |SCOMP|Selector14~1                                                   ; |SCOMP|Selector14~1                                             ; combout          ;
; |SCOMP|Selector13~1                                                   ; |SCOMP|Selector13~1                                             ; combout          ;
; |SCOMP|Selector12~1                                                   ; |SCOMP|Selector12~1                                             ; combout          ;
; |SCOMP|Selector11~1                                                   ; |SCOMP|Selector11~1                                             ; combout          ;
; |SCOMP|IR[15]                                                         ; |SCOMP|IR[15]                                                   ; regout           ;
; |SCOMP|IR[14]                                                         ; |SCOMP|IR[14]                                                   ; regout           ;
; |SCOMP|IR[12]                                                         ; |SCOMP|IR[12]                                                   ; regout           ;
; |SCOMP|IR[13]                                                         ; |SCOMP|IR[13]                                                   ; regout           ;
; |SCOMP|STATE~14                                                       ; |SCOMP|STATE~14                                                 ; combout          ;
; |SCOMP|STATE~17                                                       ; |SCOMP|STATE~17                                                 ; combout          ;
; |SCOMP|STATE~18                                                       ; |SCOMP|STATE~18                                                 ; combout          ;
; |SCOMP|MW~0                                                           ; |SCOMP|MW~0                                                     ; combout          ;
; |SCOMP|IO_DATA[0]                                                     ; |SCOMP|IO_DATA[0]~output                                        ; padio            ;
; |SCOMP|IO_DATA[1]                                                     ; |SCOMP|IO_DATA[1]~output                                        ; padio            ;
; |SCOMP|IO_DATA[2]                                                     ; |SCOMP|IO_DATA[2]~output                                        ; padio            ;
; |SCOMP|IO_DATA[3]                                                     ; |SCOMP|IO_DATA[3]~output                                        ; padio            ;
; |SCOMP|IO_DATA[4]                                                     ; |SCOMP|IO_DATA[4]~output                                        ; padio            ;
; |SCOMP|IO_DATA[5]                                                     ; |SCOMP|IO_DATA[5]~output                                        ; padio            ;
; |SCOMP|IO_DATA[6]                                                     ; |SCOMP|IO_DATA[6]~output                                        ; padio            ;
; |SCOMP|IO_DATA[7]                                                     ; |SCOMP|IO_DATA[7]~output                                        ; padio            ;
; |SCOMP|IO_DATA[8]                                                     ; |SCOMP|IO_DATA[8]~output                                        ; padio            ;
; |SCOMP|IO_DATA[9]                                                     ; |SCOMP|IO_DATA[9]~output                                        ; padio            ;
; |SCOMP|IO_DATA[10]                                                    ; |SCOMP|IO_DATA[10]~output                                       ; padio            ;
; |SCOMP|IO_DATA[11]                                                    ; |SCOMP|IO_DATA[11]~output                                       ; padio            ;
; |SCOMP|IO_DATA[12]                                                    ; |SCOMP|IO_DATA[12]~output                                       ; padio            ;
; |SCOMP|IO_DATA[13]                                                    ; |SCOMP|IO_DATA[13]~output                                       ; padio            ;
; |SCOMP|IO_DATA[14]                                                    ; |SCOMP|IO_DATA[14]~output                                       ; padio            ;
; |SCOMP|IO_DATA[15]                                                    ; |SCOMP|IO_DATA[15]~output                                       ; padio            ;
; |SCOMP|PC_OUT[3]                                                      ; |SCOMP|PC_OUT[3]                                                ; padio            ;
; |SCOMP|PC_OUT[4]                                                      ; |SCOMP|PC_OUT[4]                                                ; padio            ;
; |SCOMP|PC_OUT[5]                                                      ; |SCOMP|PC_OUT[5]                                                ; padio            ;
; |SCOMP|PC_OUT[6]                                                      ; |SCOMP|PC_OUT[6]                                                ; padio            ;
; |SCOMP|PC_OUT[7]                                                      ; |SCOMP|PC_OUT[7]                                                ; padio            ;
; |SCOMP|PC_OUT[8]                                                      ; |SCOMP|PC_OUT[8]                                                ; padio            ;
; |SCOMP|PC_OUT[9]                                                      ; |SCOMP|PC_OUT[9]                                                ; padio            ;
; |SCOMP|AC_OUT[4]                                                      ; |SCOMP|AC_OUT[4]                                                ; padio            ;
; |SCOMP|AC_OUT[5]                                                      ; |SCOMP|AC_OUT[5]                                                ; padio            ;
; |SCOMP|AC_OUT[6]                                                      ; |SCOMP|AC_OUT[6]                                                ; padio            ;
; |SCOMP|AC_OUT[7]                                                      ; |SCOMP|AC_OUT[7]                                                ; padio            ;
; |SCOMP|AC_OUT[8]                                                      ; |SCOMP|AC_OUT[8]                                                ; padio            ;
; |SCOMP|AC_OUT[9]                                                      ; |SCOMP|AC_OUT[9]                                                ; padio            ;
; |SCOMP|AC_OUT[10]                                                     ; |SCOMP|AC_OUT[10]                                               ; padio            ;
; |SCOMP|AC_OUT[11]                                                     ; |SCOMP|AC_OUT[11]                                               ; padio            ;
; |SCOMP|AC_OUT[12]                                                     ; |SCOMP|AC_OUT[12]                                               ; padio            ;
; |SCOMP|AC_OUT[13]                                                     ; |SCOMP|AC_OUT[13]                                               ; padio            ;
; |SCOMP|AC_OUT[14]                                                     ; |SCOMP|AC_OUT[14]                                               ; padio            ;
; |SCOMP|AC_OUT[15]                                                     ; |SCOMP|AC_OUT[15]                                               ; padio            ;
; |SCOMP|MDR_OUT[5]                                                     ; |SCOMP|MDR_OUT[5]                                               ; padio            ;
; |SCOMP|MDR_OUT[6]                                                     ; |SCOMP|MDR_OUT[6]                                               ; padio            ;
; |SCOMP|MDR_OUT[7]                                                     ; |SCOMP|MDR_OUT[7]                                               ; padio            ;
; |SCOMP|MDR_OUT[8]                                                     ; |SCOMP|MDR_OUT[8]                                               ; padio            ;
; |SCOMP|MDR_OUT[9]                                                     ; |SCOMP|MDR_OUT[9]                                               ; padio            ;
; |SCOMP|MDR_OUT[12]                                                    ; |SCOMP|MDR_OUT[12]                                              ; padio            ;
; |SCOMP|MDR_OUT[13]                                                    ; |SCOMP|MDR_OUT[13]                                              ; padio            ;
; |SCOMP|MDR_OUT[14]                                                    ; |SCOMP|MDR_OUT[14]                                              ; padio            ;
; |SCOMP|MDR_OUT[15]                                                    ; |SCOMP|MDR_OUT[15]                                              ; padio            ;
; |SCOMP|MAR_OUT[3]                                                     ; |SCOMP|MAR_OUT[3]                                               ; padio            ;
; |SCOMP|MAR_OUT[5]                                                     ; |SCOMP|MAR_OUT[5]                                               ; padio            ;
; |SCOMP|MAR_OUT[6]                                                     ; |SCOMP|MAR_OUT[6]                                               ; padio            ;
; |SCOMP|MAR_OUT[7]                                                     ; |SCOMP|MAR_OUT[7]                                               ; padio            ;
; |SCOMP|MAR_OUT[8]                                                     ; |SCOMP|MAR_OUT[8]                                               ; padio            ;
; |SCOMP|MAR_OUT[9]                                                     ; |SCOMP|MAR_OUT[9]                                               ; padio            ;
; |SCOMP|IO_WRITE                                                       ; |SCOMP|IO_WRITE                                                 ; padio            ;
; |SCOMP|IO_CYCLE                                                       ; |SCOMP|IO_CYCLE                                                 ; padio            ;
; |SCOMP|IO_ADDR[2]                                                     ; |SCOMP|IO_ADDR[2]                                               ; padio            ;
; |SCOMP|IO_ADDR[3]                                                     ; |SCOMP|IO_ADDR[3]                                               ; padio            ;
; |SCOMP|IO_ADDR[5]                                                     ; |SCOMP|IO_ADDR[5]                                               ; padio            ;
; |SCOMP|IO_ADDR[6]                                                     ; |SCOMP|IO_ADDR[6]                                               ; padio            ;
; |SCOMP|IO_ADDR[7]                                                     ; |SCOMP|IO_ADDR[7]                                               ; padio            ;
; |SCOMP|IR[12]~feeder                                                  ; |SCOMP|IR[12]~feeder                                            ; combout          ;
; |SCOMP|IR[14]~feeder                                                  ; |SCOMP|IR[14]~feeder                                            ; combout          ;
; |SCOMP|STATE.RESET_PC~feeder                                          ; |SCOMP|STATE.RESET_PC~feeder                                    ; combout          ;
+-----------------------------------------------------------------------+-----------------------------------------------------------------+------------------+


The following table displays output ports that do not toggle to 0 during simulation.
+------------------------------------------------------------------------------------------------------------------------------------------------------------+
; Missing 0-Value Coverage                                                                                                                                   ;
+-----------------------------------------------------------------------+-----------------------------------------------------------------+------------------+
; Node Name                                                             ; Output Port Name                                                ; Output Port Type ;
+-----------------------------------------------------------------------+-----------------------------------------------------------------+------------------+
; |SCOMP|altsyncram:MEMORY|altsyncram_o6t3:auto_generated|ram_block1a0  ; |SCOMP|altsyncram:MEMORY|altsyncram_o6t3:auto_generated|q_a[3]  ; portadataout3    ;
; |SCOMP|altsyncram:MEMORY|altsyncram_o6t3:auto_generated|ram_block1a4  ; |SCOMP|altsyncram:MEMORY|altsyncram_o6t3:auto_generated|q_a[5]  ; portadataout1    ;
; |SCOMP|altsyncram:MEMORY|altsyncram_o6t3:auto_generated|ram_block1a4  ; |SCOMP|altsyncram:MEMORY|altsyncram_o6t3:auto_generated|q_a[6]  ; portadataout2    ;
; |SCOMP|altsyncram:MEMORY|altsyncram_o6t3:auto_generated|ram_block1a4  ; |SCOMP|altsyncram:MEMORY|altsyncram_o6t3:auto_generated|q_a[7]  ; portadataout3    ;
; |SCOMP|altsyncram:MEMORY|altsyncram_o6t3:auto_generated|ram_block1a8  ; |SCOMP|altsyncram:MEMORY|altsyncram_o6t3:auto_generated|q_a[8]  ; portadataout0    ;
; |SCOMP|altsyncram:MEMORY|altsyncram_o6t3:auto_generated|ram_block1a8  ; |SCOMP|altsyncram:MEMORY|altsyncram_o6t3:auto_generated|q_a[9]  ; portadataout1    ;
; |SCOMP|altsyncram:MEMORY|altsyncram_o6t3:auto_generated|ram_block1a12 ; |SCOMP|altsyncram:MEMORY|altsyncram_o6t3:auto_generated|q_a[12] ; portadataout0    ;
; |SCOMP|altsyncram:MEMORY|altsyncram_o6t3:auto_generated|ram_block1a12 ; |SCOMP|altsyncram:MEMORY|altsyncram_o6t3:auto_generated|q_a[13] ; portadataout1    ;
; |SCOMP|altsyncram:MEMORY|altsyncram_o6t3:auto_generated|ram_block1a12 ; |SCOMP|altsyncram:MEMORY|altsyncram_o6t3:auto_generated|q_a[14] ; portadataout2    ;
; |SCOMP|altsyncram:MEMORY|altsyncram_o6t3:auto_generated|ram_block1a12 ; |SCOMP|altsyncram:MEMORY|altsyncram_o6t3:auto_generated|q_a[15] ; portadataout3    ;
; |SCOMP|Add0~4                                                         ; |SCOMP|Add0~5                                                   ; cout             ;
; |SCOMP|Add0~6                                                         ; |SCOMP|Add0~6                                                   ; combout          ;
; |SCOMP|Add0~6                                                         ; |SCOMP|Add0~7                                                   ; cout             ;
; |SCOMP|Add0~8                                                         ; |SCOMP|Add0~8                                                   ; combout          ;
; |SCOMP|Add0~8                                                         ; |SCOMP|Add0~9                                                   ; cout             ;
; |SCOMP|Add0~10                                                        ; |SCOMP|Add0~10                                                  ; combout          ;
; |SCOMP|Add0~10                                                        ; |SCOMP|Add0~11                                                  ; cout             ;
; |SCOMP|Add0~12                                                        ; |SCOMP|Add0~12                                                  ; combout          ;
; |SCOMP|Add0~12                                                        ; |SCOMP|Add0~13                                                  ; cout             ;
; |SCOMP|Add0~14                                                        ; |SCOMP|Add0~14                                                  ; combout          ;
; |SCOMP|Add0~14                                                        ; |SCOMP|Add0~15                                                  ; cout             ;
; |SCOMP|Add0~16                                                        ; |SCOMP|Add0~16                                                  ; combout          ;
; |SCOMP|Add0~16                                                        ; |SCOMP|Add0~17                                                  ; cout             ;
; |SCOMP|Add0~18                                                        ; |SCOMP|Add0~18                                                  ; combout          ;
; |SCOMP|Add1~10                                                        ; |SCOMP|Add1~11                                                  ; cout             ;
; |SCOMP|Add1~12                                                        ; |SCOMP|Add1~12                                                  ; combout          ;
; |SCOMP|Add1~12                                                        ; |SCOMP|Add1~13                                                  ; cout             ;
; |SCOMP|Add1~14                                                        ; |SCOMP|Add1~14                                                  ; combout          ;
; |SCOMP|Add1~14                                                        ; |SCOMP|Add1~15                                                  ; cout             ;
; |SCOMP|Add1~16                                                        ; |SCOMP|Add1~16                                                  ; combout          ;
; |SCOMP|Add1~16                                                        ; |SCOMP|Add1~17                                                  ; cout             ;
; |SCOMP|Add1~18                                                        ; |SCOMP|Add1~18                                                  ; combout          ;
; |SCOMP|Add1~18                                                        ; |SCOMP|Add1~19                                                  ; cout             ;
; |SCOMP|Add1~20                                                        ; |SCOMP|Add1~20                                                  ; combout          ;
; |SCOMP|Add1~20                                                        ; |SCOMP|Add1~21                                                  ; cout             ;
; |SCOMP|Add1~22                                                        ; |SCOMP|Add1~23                                                  ; cout             ;
; |SCOMP|Add1~24                                                        ; |SCOMP|Add1~25                                                  ; cout             ;
; |SCOMP|Add1~26                                                        ; |SCOMP|Add1~26                                                  ; combout          ;
; |SCOMP|Add1~26                                                        ; |SCOMP|Add1~27                                                  ; cout             ;
; |SCOMP|Add1~28                                                        ; |SCOMP|Add1~28                                                  ; combout          ;
; |SCOMP|Add1~28                                                        ; |SCOMP|Add1~29                                                  ; cout             ;
; |SCOMP|Add1~30                                                        ; |SCOMP|Add1~30                                                  ; combout          ;
; |SCOMP|Add1~30                                                        ; |SCOMP|Add1~31                                                  ; cout             ;
; |SCOMP|Add1~32                                                        ; |SCOMP|Add1~32                                                  ; combout          ;
; |SCOMP|PC[2]                                                          ; |SCOMP|PC[2]                                                    ; regout           ;
; |SCOMP|PC[3]                                                          ; |SCOMP|PC[3]                                                    ; regout           ;
; |SCOMP|PC[4]                                                          ; |SCOMP|PC[4]                                                    ; regout           ;
; |SCOMP|PC[5]                                                          ; |SCOMP|PC[5]                                                    ; regout           ;
; |SCOMP|PC[6]                                                          ; |SCOMP|PC[6]                                                    ; regout           ;
; |SCOMP|PC[7]                                                          ; |SCOMP|PC[7]                                                    ; regout           ;
; |SCOMP|PC[8]                                                          ; |SCOMP|PC[8]                                                    ; regout           ;
; |SCOMP|PC[9]                                                          ; |SCOMP|PC[9]                                                    ; regout           ;
; |SCOMP|AC[2]                                                          ; |SCOMP|AC[2]                                                    ; regout           ;
; |SCOMP|AC[3]                                                          ; |SCOMP|AC[3]                                                    ; regout           ;
; |SCOMP|AC[4]                                                          ; |SCOMP|AC[4]                                                    ; regout           ;
; |SCOMP|AC[5]                                                          ; |SCOMP|AC[5]                                                    ; regout           ;
; |SCOMP|AC[6]                                                          ; |SCOMP|AC[6]                                                    ; regout           ;
; |SCOMP|AC[7]                                                          ; |SCOMP|AC[7]                                                    ; regout           ;
; |SCOMP|AC[8]                                                          ; |SCOMP|AC[8]                                                    ; regout           ;
; |SCOMP|AC[9]                                                          ; |SCOMP|AC[9]                                                    ; regout           ;
; |SCOMP|AC[10]                                                         ; |SCOMP|AC[10]                                                   ; regout           ;
; |SCOMP|AC[11]                                                         ; |SCOMP|AC[11]                                                   ; regout           ;
; |SCOMP|AC[12]                                                         ; |SCOMP|AC[12]                                                   ; regout           ;
; |SCOMP|AC[13]                                                         ; |SCOMP|AC[13]                                                   ; regout           ;
; |SCOMP|AC[14]                                                         ; |SCOMP|AC[14]                                                   ; regout           ;
; |SCOMP|AC[15]                                                         ; |SCOMP|AC[15]                                                   ; regout           ;
; |SCOMP|IR[2]                                                          ; |SCOMP|IR[2]                                                    ; regout           ;
; |SCOMP|MEM_ADDR[2]~2                                                  ; |SCOMP|MEM_ADDR[2]~2                                            ; combout          ;
; |SCOMP|IR[3]                                                          ; |SCOMP|IR[3]                                                    ; regout           ;
; |SCOMP|MEM_ADDR[3]~3                                                  ; |SCOMP|MEM_ADDR[3]~3                                            ; combout          ;
; |SCOMP|IR[4]                                                          ; |SCOMP|IR[4]                                                    ; regout           ;
; |SCOMP|IR[5]                                                          ; |SCOMP|IR[5]                                                    ; regout           ;
; |SCOMP|MEM_ADDR[5]~5                                                  ; |SCOMP|MEM_ADDR[5]~5                                            ; combout          ;
; |SCOMP|IR[6]                                                          ; |SCOMP|IR[6]                                                    ; regout           ;
; |SCOMP|MEM_ADDR[6]~6                                                  ; |SCOMP|MEM_ADDR[6]~6                                            ; combout          ;
; |SCOMP|IR[7]                                                          ; |SCOMP|IR[7]                                                    ; regout           ;
; |SCOMP|MEM_ADDR[7]~7                                                  ; |SCOMP|MEM_ADDR[7]~7                                            ; combout          ;
; |SCOMP|IR[8]                                                          ; |SCOMP|IR[8]                                                    ; regout           ;
; |SCOMP|MEM_ADDR[8]~8                                                  ; |SCOMP|MEM_ADDR[8]~8                                            ; combout          ;
; |SCOMP|IR[9]                                                          ; |SCOMP|IR[9]                                                    ; regout           ;
; |SCOMP|MEM_ADDR[9]~9                                                  ; |SCOMP|MEM_ADDR[9]~9                                            ; combout          ;
; |SCOMP|STATE.EX_JUMP                                                  ; |SCOMP|STATE.EX_JUMP                                            ; regout           ;
; |SCOMP|STATE.RESET_PC                                                 ; |SCOMP|STATE.RESET_PC                                           ; regout           ;
; |SCOMP|Selector7~0                                                    ; |SCOMP|Selector7~0                                              ; combout          ;
; |SCOMP|Selector6~0                                                    ; |SCOMP|Selector6~0                                              ; combout          ;
; |SCOMP|Selector5~0                                                    ; |SCOMP|Selector5~0                                              ; combout          ;
; |SCOMP|Selector4~0                                                    ; |SCOMP|Selector4~0                                              ; combout          ;
; |SCOMP|Selector3~0                                                    ; |SCOMP|Selector3~0                                              ; combout          ;
; |SCOMP|Selector2~0                                                    ; |SCOMP|Selector2~0                                              ; combout          ;
; |SCOMP|Selector1~0                                                    ; |SCOMP|Selector1~0                                              ; combout          ;
; |SCOMP|STATE.EX_AND                                                   ; |SCOMP|STATE.EX_AND                                             ; regout           ;
; |SCOMP|Selector26~0                                                   ; |SCOMP|Selector26~0                                             ; combout          ;
; |SCOMP|Selector25~0                                                   ; |SCOMP|Selector25~0                                             ; combout          ;
; |SCOMP|Selector23~0                                                   ; |SCOMP|Selector23~0                                             ; combout          ;
; |SCOMP|Selector22~1                                                   ; |SCOMP|Selector22~1                                             ; combout          ;
; |SCOMP|Selector21~1                                                   ; |SCOMP|Selector21~1                                             ; combout          ;
; |SCOMP|Selector20~1                                                   ; |SCOMP|Selector20~1                                             ; combout          ;
; |SCOMP|Selector19~1                                                   ; |SCOMP|Selector19~1                                             ; combout          ;
; |SCOMP|Selector18~1                                                   ; |SCOMP|Selector18~1                                             ; combout          ;
; |SCOMP|Selector17~1                                                   ; |SCOMP|Selector17~1                                             ; combout          ;
; |SCOMP|Selector16~1                                                   ; |SCOMP|Selector16~1                                             ; combout          ;
; |SCOMP|Selector15~1                                                   ; |SCOMP|Selector15~1                                             ; combout          ;
; |SCOMP|Selector14~1                                                   ; |SCOMP|Selector14~1                                             ; combout          ;
; |SCOMP|Selector13~1                                                   ; |SCOMP|Selector13~1                                             ; combout          ;
; |SCOMP|Selector12~1                                                   ; |SCOMP|Selector12~1                                             ; combout          ;
; |SCOMP|Selector11~1                                                   ; |SCOMP|Selector11~1                                             ; combout          ;
; |SCOMP|IR[15]                                                         ; |SCOMP|IR[15]                                                   ; regout           ;
; |SCOMP|IR[14]                                                         ; |SCOMP|IR[14]                                                   ; regout           ;
; |SCOMP|IR[11]                                                         ; |SCOMP|IR[11]                                                   ; regout           ;
; |SCOMP|IR[12]                                                         ; |SCOMP|IR[12]                                                   ; regout           ;
; |SCOMP|IR[13]                                                         ; |SCOMP|IR[13]                                                   ; regout           ;
; |SCOMP|Mux0~0                                                         ; |SCOMP|Mux0~0                                                   ; combout          ;
; |SCOMP|STATE~14                                                       ; |SCOMP|STATE~14                                                 ; combout          ;
; |SCOMP|STATE~17                                                       ; |SCOMP|STATE~17                                                 ; combout          ;
; |SCOMP|STATE~18                                                       ; |SCOMP|STATE~18                                                 ; combout          ;
; |SCOMP|MW~0                                                           ; |SCOMP|MW~0                                                     ; combout          ;
; |SCOMP|IO_DATA[0]                                                     ; |SCOMP|IO_DATA[0]~output                                        ; padio            ;
; |SCOMP|IO_DATA[1]                                                     ; |SCOMP|IO_DATA[1]~output                                        ; padio            ;
; |SCOMP|IO_DATA[2]                                                     ; |SCOMP|IO_DATA[2]~output                                        ; padio            ;
; |SCOMP|IO_DATA[3]                                                     ; |SCOMP|IO_DATA[3]~output                                        ; padio            ;
; |SCOMP|IO_DATA[4]                                                     ; |SCOMP|IO_DATA[4]~output                                        ; padio            ;
; |SCOMP|IO_DATA[5]                                                     ; |SCOMP|IO_DATA[5]~output                                        ; padio            ;
; |SCOMP|IO_DATA[6]                                                     ; |SCOMP|IO_DATA[6]~output                                        ; padio            ;
; |SCOMP|IO_DATA[7]                                                     ; |SCOMP|IO_DATA[7]~output                                        ; padio            ;
; |SCOMP|IO_DATA[8]                                                     ; |SCOMP|IO_DATA[8]~output                                        ; padio            ;
; |SCOMP|IO_DATA[9]                                                     ; |SCOMP|IO_DATA[9]~output                                        ; padio            ;
; |SCOMP|IO_DATA[10]                                                    ; |SCOMP|IO_DATA[10]~output                                       ; padio            ;
; |SCOMP|IO_DATA[11]                                                    ; |SCOMP|IO_DATA[11]~output                                       ; padio            ;
; |SCOMP|IO_DATA[12]                                                    ; |SCOMP|IO_DATA[12]~output                                       ; padio            ;
; |SCOMP|IO_DATA[13]                                                    ; |SCOMP|IO_DATA[13]~output                                       ; padio            ;
; |SCOMP|IO_DATA[14]                                                    ; |SCOMP|IO_DATA[14]~output                                       ; padio            ;
; |SCOMP|IO_DATA[15]                                                    ; |SCOMP|IO_DATA[15]~output                                       ; padio            ;
; |SCOMP|PC_OUT[2]                                                      ; |SCOMP|PC_OUT[2]                                                ; padio            ;
; |SCOMP|PC_OUT[3]                                                      ; |SCOMP|PC_OUT[3]                                                ; padio            ;
; |SCOMP|PC_OUT[4]                                                      ; |SCOMP|PC_OUT[4]                                                ; padio            ;
; |SCOMP|PC_OUT[5]                                                      ; |SCOMP|PC_OUT[5]                                                ; padio            ;
; |SCOMP|PC_OUT[6]                                                      ; |SCOMP|PC_OUT[6]                                                ; padio            ;
; |SCOMP|PC_OUT[7]                                                      ; |SCOMP|PC_OUT[7]                                                ; padio            ;
; |SCOMP|PC_OUT[8]                                                      ; |SCOMP|PC_OUT[8]                                                ; padio            ;
; |SCOMP|PC_OUT[9]                                                      ; |SCOMP|PC_OUT[9]                                                ; padio            ;
; |SCOMP|AC_OUT[2]                                                      ; |SCOMP|AC_OUT[2]                                                ; padio            ;
; |SCOMP|AC_OUT[3]                                                      ; |SCOMP|AC_OUT[3]                                                ; padio            ;
; |SCOMP|AC_OUT[4]                                                      ; |SCOMP|AC_OUT[4]                                                ; padio            ;
; |SCOMP|AC_OUT[5]                                                      ; |SCOMP|AC_OUT[5]                                                ; padio            ;
; |SCOMP|AC_OUT[6]                                                      ; |SCOMP|AC_OUT[6]                                                ; padio            ;
; |SCOMP|AC_OUT[7]                                                      ; |SCOMP|AC_OUT[7]                                                ; padio            ;
; |SCOMP|AC_OUT[8]                                                      ; |SCOMP|AC_OUT[8]                                                ; padio            ;
; |SCOMP|AC_OUT[9]                                                      ; |SCOMP|AC_OUT[9]                                                ; padio            ;
; |SCOMP|AC_OUT[10]                                                     ; |SCOMP|AC_OUT[10]                                               ; padio            ;
; |SCOMP|AC_OUT[11]                                                     ; |SCOMP|AC_OUT[11]                                               ; padio            ;
; |SCOMP|AC_OUT[12]                                                     ; |SCOMP|AC_OUT[12]                                               ; padio            ;
; |SCOMP|AC_OUT[13]                                                     ; |SCOMP|AC_OUT[13]                                               ; padio            ;
; |SCOMP|AC_OUT[14]                                                     ; |SCOMP|AC_OUT[14]                                               ; padio            ;
; |SCOMP|AC_OUT[15]                                                     ; |SCOMP|AC_OUT[15]                                               ; padio            ;
; |SCOMP|MDR_OUT[3]                                                     ; |SCOMP|MDR_OUT[3]                                               ; padio            ;
; |SCOMP|MDR_OUT[5]                                                     ; |SCOMP|MDR_OUT[5]                                               ; padio            ;
; |SCOMP|MDR_OUT[6]                                                     ; |SCOMP|MDR_OUT[6]                                               ; padio            ;
; |SCOMP|MDR_OUT[7]                                                     ; |SCOMP|MDR_OUT[7]                                               ; padio            ;
; |SCOMP|MDR_OUT[8]                                                     ; |SCOMP|MDR_OUT[8]                                               ; padio            ;
; |SCOMP|MDR_OUT[9]                                                     ; |SCOMP|MDR_OUT[9]                                               ; padio            ;
; |SCOMP|MDR_OUT[12]                                                    ; |SCOMP|MDR_OUT[12]                                              ; padio            ;
; |SCOMP|MDR_OUT[13]                                                    ; |SCOMP|MDR_OUT[13]                                              ; padio            ;
; |SCOMP|MDR_OUT[14]                                                    ; |SCOMP|MDR_OUT[14]                                              ; padio            ;
; |SCOMP|MDR_OUT[15]                                                    ; |SCOMP|MDR_OUT[15]                                              ; padio            ;
; |SCOMP|MAR_OUT[2]                                                     ; |SCOMP|MAR_OUT[2]                                               ; padio            ;
; |SCOMP|MAR_OUT[3]                                                     ; |SCOMP|MAR_OUT[3]                                               ; padio            ;
; |SCOMP|MAR_OUT[5]                                                     ; |SCOMP|MAR_OUT[5]                                               ; padio            ;
; |SCOMP|MAR_OUT[6]                                                     ; |SCOMP|MAR_OUT[6]                                               ; padio            ;
; |SCOMP|MAR_OUT[7]                                                     ; |SCOMP|MAR_OUT[7]                                               ; padio            ;
; |SCOMP|MAR_OUT[8]                                                     ; |SCOMP|MAR_OUT[8]                                               ; padio            ;
; |SCOMP|MAR_OUT[9]                                                     ; |SCOMP|MAR_OUT[9]                                               ; padio            ;
; |SCOMP|IO_WRITE                                                       ; |SCOMP|IO_WRITE                                                 ; padio            ;
; |SCOMP|IO_CYCLE                                                       ; |SCOMP|IO_CYCLE                                                 ; padio            ;
; |SCOMP|IO_ADDR[2]                                                     ; |SCOMP|IO_ADDR[2]                                               ; padio            ;
; |SCOMP|IO_ADDR[3]                                                     ; |SCOMP|IO_ADDR[3]                                               ; padio            ;
; |SCOMP|IO_ADDR[4]                                                     ; |SCOMP|IO_ADDR[4]                                               ; padio            ;
; |SCOMP|IO_ADDR[5]                                                     ; |SCOMP|IO_ADDR[5]                                               ; padio            ;
; |SCOMP|IO_ADDR[6]                                                     ; |SCOMP|IO_ADDR[6]                                               ; padio            ;
; |SCOMP|IO_ADDR[7]                                                     ; |SCOMP|IO_ADDR[7]                                               ; padio            ;
; |SCOMP|RESETN                                                         ; |SCOMP|RESETN~corein                                            ; combout          ;
; |SCOMP|RESETN~clkctrl                                                 ; |SCOMP|RESETN~clkctrl                                           ; outclk           ;
; |SCOMP|IR[12]~feeder                                                  ; |SCOMP|IR[12]~feeder                                            ; combout          ;
; |SCOMP|IR[14]~feeder                                                  ; |SCOMP|IR[14]~feeder                                            ; combout          ;
; |SCOMP|STATE.RESET_PC~feeder                                          ; |SCOMP|STATE.RESET_PC~feeder                                    ; combout          ;
+-----------------------------------------------------------------------+-----------------------------------------------------------------+------------------+


+---------------------+
; Simulator INI Usage ;
+--------+------------+
; Option ; Usage      ;
+--------+------------+


+--------------------+
; Simulator Messages ;
+--------------------+
Info: *******************************************************************
Info: Running Quartus II Simulator
    Info: Version 9.1 Build 350 03/24/2010 Service Pack 2 SJ Web Edition
    Info: Processing started: Thu Oct 10 01:42:46 2013
Info: Command: quartus_sim --read_settings_files=on --write_settings_files=off scomp -c scomp
Info: Using vector source file "C:/Users/James Liu/Documents/Schoolwork/ECE 2031/lab7/scomp.vwf"
Info: Overwriting simulation input file with simulation results
    Info: A backup of scomp.vwf called scomp.sim_ori.vwf has been created in the db folder
Warning: Can't find signal in vector source file for input pin "|SCOMP|IO_DATA[0]"
Warning: Can't find signal in vector source file for input pin "|SCOMP|IO_DATA[1]"
Warning: Can't find signal in vector source file for input pin "|SCOMP|IO_DATA[2]"
Warning: Can't find signal in vector source file for input pin "|SCOMP|IO_DATA[3]"
Warning: Can't find signal in vector source file for input pin "|SCOMP|IO_DATA[4]"
Warning: Can't find signal in vector source file for input pin "|SCOMP|IO_DATA[5]"
Warning: Can't find signal in vector source file for input pin "|SCOMP|IO_DATA[6]"
Warning: Can't find signal in vector source file for input pin "|SCOMP|IO_DATA[7]"
Warning: Can't find signal in vector source file for input pin "|SCOMP|IO_DATA[8]"
Warning: Can't find signal in vector source file for input pin "|SCOMP|IO_DATA[9]"
Warning: Can't find signal in vector source file for input pin "|SCOMP|IO_DATA[10]"
Warning: Can't find signal in vector source file for input pin "|SCOMP|IO_DATA[11]"
Warning: Can't find signal in vector source file for input pin "|SCOMP|IO_DATA[12]"
Warning: Can't find signal in vector source file for input pin "|SCOMP|IO_DATA[13]"
Warning: Can't find signal in vector source file for input pin "|SCOMP|IO_DATA[14]"
Warning: Can't find signal in vector source file for input pin "|SCOMP|IO_DATA[15]"
Info: Option to preserve fewer signal transitions to reduce memory requirements is enabled
    Info: Simulation has been partitioned into sub-simulations according to the maximum transition count determined by the engine. Transitions from memory will be flushed out to disk at the end of each sub-simulation to reduce memory requirements.
Info: Simulation partitioned into 1 sub-simulations
Info: Simulation coverage is      32.85 %
Info: Number of transitions in simulation is 470
Info: Vector file scomp.vwf is saved in VWF text format. You can compress it into CVWF format in order to reduce file size. For more details please refer to the Quartus II Help.
Info: Quartus II Simulator was successful. 0 errors, 16 warnings
    Info: Peak virtual memory: 162 megabytes
    Info: Processing ended: Thu Oct 10 01:42:46 2013
    Info: Elapsed time: 00:00:00
    Info: Total CPU time (on all processors): 00:00:00


